=== Test: Full Pipeline ===
INFO:context_manager.manager:Budget at 80.2% ¡ª compressing
INFO:context_manager.manager:Compressed 1 items, saved 2184 tokens (new L1 size: 4 msgs)
Prompt messages: 9
  [COMPRESSED_BLOCK] (17t) [anchor: anc_979d903834] [Compressed: TOOL_RESULT, 2194t, 50...
  [SYSTEM] (7t) You are a helpful assistant....
  [USER_INPUT] (7t) Explain the code in src/main.py...
  [FILE_CONTENT] (1000t) def foo():
    pass
def foo():
    pass
def foo():
    pass
...
  [USER_INPUT] (85t) Follow-up question 0: what about the code? blah  blah  blah ...
  [USER_INPUT] (85t) Follow-up question 1: what about the code? blah  blah  blah ...
  [USER_INPUT] (85t) Follow-up question 2: what about the code? blah  blah  blah ...
  [USER_INPUT] (85t) Follow-up question 3: what about the code? blah  blah  blah ...
  [USER_INPUT] (85t) Follow-up question 4: what about the code? blah  blah  blah ...
Budget: 1456/4000 (36.4%)
[RESTORED] Supplemental context (8292 chars)
INFO:context_manager.manager:Session test_sess closed
Cross-session anchors: 0
INFO:context_manager.manager:Session test_sess_2 closed
PASSED

=== Test: Budget Thresholds ===
[OK] Budget at 1.0% ¡ª no trigger
INFO:context_manager.manager:Session budget_test closed
PASSED

=== Test: Async Plan ===
[OK] Async plan: 1 candidates, saves 422t
PASSED


=== ALL TESTS PASSED ===
