bash: ls: command not found
bash: which: command not found
bash: ls: command not found
---
